// Vitest Snapshot v1, https://vitest.dev/guide/snapshot.html

exports[`multi-year ledger golden > 12 months across leap year: month-end bill, whole cents, balance continuity 1`] = `
[
  {
    "accountRegisterId": 2,
    "amount": -50,
    "balance": 4950,
    "date": "2024-01-01",
    "description": "Depreciation Adjustment",
    "isBalanceEntry": false,
    "isProjected": true,
    "typeId": 2,
  },
  {
    "accountRegisterId": 1,
    "amount": 10000,
    "balance": 10000,
    "date": "2024-01-15",
    "description": "Balance for Checking",
    "isBalanceEntry": true,
    "isProjected": true,
    "typeId": 1,
  },
  {
    "accountRegisterId": 2,
    "amount": 5000,
    "balance": 5000,
    "date": "2024-01-15",
    "description": "Balance for Vehicle",
    "isBalanceEntry": true,
    "isProjected": true,
    "typeId": 1,
  },
  {
    "accountRegisterId": 1,
    "amount": -100,
    "balance": 9900,
    "date": "2024-01-31",
    "description": "Month-end bill",
    "isBalanceEntry": false,
    "isProjected": true,
    "typeId": 9,
  },
  {
    "accountRegisterId": 2,
    "amount": -49.5,
    "balance": 4900.5,
    "date": "2024-02-01",
    "description": "Depreciation Adjustment",
    "isBalanceEntry": false,
    "isProjected": true,
    "typeId": 2,
  },
  {
    "accountRegisterId": 1,
    "amount": -100,
    "balance": 9800,
    "date": "2024-02-29",
    "description": "Month-end bill",
    "isBalanceEntry": false,
    "isProjected": true,
    "typeId": 9,
  },
  {
    "accountRegisterId": 2,
    "amount": -49,
    "balance": 4851.5,
    "date": "2024-03-01",
    "description": "Depreciation Adjustment",
    "isBalanceEntry": false,
    "isProjected": true,
    "typeId": 2,
  },
  {
    "accountRegisterId": 1,
    "amount": -100,
    "balance": 9700,
    "date": "2024-03-31",
    "description": "Month-end bill",
    "isBalanceEntry": false,
    "isProjected": true,
    "typeId": 9,
  },
  {
    "accountRegisterId": 2,
    "amount": -48.52,
    "balance": 4802.98,
    "date": "2024-04-01",
    "description": "Depreciation Adjustment",
    "isBalanceEntry": false,
    "isProjected": true,
    "typeId": 2,
  },
  {
    "accountRegisterId": 1,
    "amount": -100,
    "balance": 9600,
    "date": "2024-04-30",
    "description": "Month-end bill",
    "isBalanceEntry": false,
    "isProjected": true,
    "typeId": 9,
  },
  {
    "accountRegisterId": 2,
    "amount": -48.03,
    "balance": 4754.95,
    "date": "2024-05-01",
    "description": "Depreciation Adjustment",
    "isBalanceEntry": false,
    "isProjected": true,
    "typeId": 2,
  },
  {
    "accountRegisterId": 1,
    "amount": -100,
    "balance": 9500,
    "date": "2024-05-31",
    "description": "Month-end bill",
    "isBalanceEntry": false,
    "isProjected": true,
    "typeId": 9,
  },
  {
    "accountRegisterId": 2,
    "amount": -47.55,
    "balance": 4707.4,
    "date": "2024-06-01",
    "description": "Depreciation Adjustment",
    "isBalanceEntry": false,
    "isProjected": true,
    "typeId": 2,
  },
  {
    "accountRegisterId": 1,
    "amount": -100,
    "balance": 9400,
    "date": "2024-06-30",
    "description": "Month-end bill",
    "isBalanceEntry": false,
    "isProjected": true,
    "typeId": 9,
  },
  {
    "accountRegisterId": 2,
    "amount": -47.07,
    "balance": 4660.33,
    "date": "2024-07-01",
    "description": "Depreciation Adjustment",
    "isBalanceEntry": false,
    "isProjected": true,
    "typeId": 2,
  },
  {
    "accountRegisterId": 1,
    "amount": -100,
    "balance": 9300,
    "date": "2024-07-31",
    "description": "Month-end bill",
    "isBalanceEntry": false,
    "isProjected": true,
    "typeId": 9,
  },
  {
    "accountRegisterId": 2,
    "amount": -46.6,
    "balance": 4613.73,
    "date": "2024-08-01",
    "description": "Depreciation Adjustment",
    "isBalanceEntry": false,
    "isProjected": true,
    "typeId": 2,
  },
  {
    "accountRegisterId": 1,
    "amount": -100,
    "balance": 9200,
    "date": "2024-08-31",
    "description": "Month-end bill",
    "isBalanceEntry": false,
    "isProjected": true,
    "typeId": 9,
  },
  {
    "accountRegisterId": 2,
    "amount": -46.14,
    "balance": 4567.59,
    "date": "2024-09-01",
    "description": "Depreciation Adjustment",
    "isBalanceEntry": false,
    "isProjected": true,
    "typeId": 2,
  },
  {
    "accountRegisterId": 1,
    "amount": -100,
    "balance": 9100,
    "date": "2024-09-30",
    "description": "Month-end bill",
    "isBalanceEntry": false,
    "isProjected": true,
    "typeId": 9,
  },
  {
    "accountRegisterId": 2,
    "amount": -45.68,
    "balance": 4521.91,
    "date": "2024-10-01",
    "description": "Depreciation Adjustment",
    "isBalanceEntry": false,
    "isProjected": true,
    "typeId": 2,
  },
  {
    "accountRegisterId": 1,
    "amount": -100,
    "balance": 9000,
    "date": "2024-10-31",
    "description": "Month-end bill",
    "isBalanceEntry": false,
    "isProjected": true,
    "typeId": 9,
  },
  {
    "accountRegisterId": 2,
    "amount": -45.22,
    "balance": 4476.69,
    "date": "2024-11-01",
    "description": "Depreciation Adjustment",
    "isBalanceEntry": false,
    "isProjected": true,
    "typeId": 2,
  },
  {
    "accountRegisterId": 1,
    "amount": -100,
    "balance": 8900,
    "date": "2024-11-30",
    "description": "Month-end bill",
    "isBalanceEntry": false,
    "isProjected": true,
    "typeId": 9,
  },
  {
    "accountRegisterId": 2,
    "amount": -44.77,
    "balance": 4431.92,
    "date": "2024-12-01",
    "description": "Depreciation Adjustment",
    "isBalanceEntry": false,
    "isProjected": true,
    "typeId": 2,
  },
  {
    "accountRegisterId": 1,
    "amount": -100,
    "balance": 8800,
    "date": "2024-12-31",
    "description": "Month-end bill",
    "isBalanceEntry": false,
    "isProjected": true,
    "typeId": 9,
  },
]
`;
