// Vitest Snapshot v1, https://vitest.dev/guide/snapshot.html

exports[`threeMonthLoanAndReoccurrence forecast golden > Feb–Apr 2024: loan payments, reoccurrences, running balances, snapshot 1`] = `
[
  {
    "accountRegisterId": 1,
    "amount": 50000,
    "balance": 50000,
    "date": "2024-01-01",
    "description": "Balance for Checking",
    "isBalanceEntry": true,
    "isProjected": true,
    "reoccurrenceId": null,
    "sourceAccountRegisterId": null,
    "typeId": 1,
  },
  {
    "accountRegisterId": 2,
    "amount": -8000,
    "balance": -8000,
    "date": "2024-01-01",
    "description": "Balance for Test Loan",
    "isBalanceEntry": true,
    "isProjected": true,
    "reoccurrenceId": null,
    "sourceAccountRegisterId": null,
    "typeId": 1,
  },
  {
    "accountRegisterId": 3,
    "amount": 0,
    "balance": 0,
    "date": "2024-01-01",
    "description": "Balance for Savings",
    "isBalanceEntry": true,
    "isProjected": true,
    "reoccurrenceId": null,
    "sourceAccountRegisterId": null,
    "typeId": 1,
  },
  {
    "accountRegisterId": 1,
    "amount": 3000,
    "balance": 53000,
    "date": "2024-02-01",
    "description": "Golden Salary",
    "isBalanceEntry": false,
    "isProjected": true,
    "reoccurrenceId": 1,
    "sourceAccountRegisterId": null,
    "typeId": 9,
  },
  {
    "accountRegisterId": 1,
    "amount": -800,
    "balance": 52200,
    "date": "2024-02-05",
    "description": "Golden Rent",
    "isBalanceEntry": false,
    "isProjected": true,
    "reoccurrenceId": 2,
    "sourceAccountRegisterId": null,
    "typeId": 9,
  },
  {
    "accountRegisterId": 1,
    "amount": -150,
    "balance": 52050,
    "date": "2024-02-10",
    "description": "Transfer for Golden Savings xfer",
    "isBalanceEntry": false,
    "isProjected": true,
    "reoccurrenceId": 3,
    "sourceAccountRegisterId": 3,
    "typeId": 6,
  },
  {
    "accountRegisterId": 3,
    "amount": 150,
    "balance": 150,
    "date": "2024-02-10",
    "description": "Golden Savings xfer",
    "isBalanceEntry": false,
    "isProjected": true,
    "reoccurrenceId": 3,
    "sourceAccountRegisterId": 1,
    "typeId": 6,
  },
  {
    "accountRegisterId": 1,
    "amount": -119.91,
    "balance": 51930.09,
    "date": "2024-02-15",
    "description": "Transfer for Payment to Test Loan",
    "isBalanceEntry": false,
    "isProjected": true,
    "reoccurrenceId": null,
    "sourceAccountRegisterId": 2,
    "typeId": 6,
  },
  {
    "accountRegisterId": 2,
    "amount": -39.55,
    "balance": -8039.55,
    "date": "2024-02-15",
    "description": "Interest Charge",
    "isBalanceEntry": false,
    "isProjected": true,
    "reoccurrenceId": null,
    "sourceAccountRegisterId": 1,
    "typeId": 2,
  },
  {
    "accountRegisterId": 2,
    "amount": 119.91,
    "balance": -7919.64,
    "date": "2024-02-15",
    "description": "Payment to Test Loan",
    "isBalanceEntry": false,
    "isProjected": true,
    "reoccurrenceId": null,
    "sourceAccountRegisterId": 1,
    "typeId": 6,
  },
  {
    "accountRegisterId": 1,
    "amount": 3000,
    "balance": 54930.09,
    "date": "2024-03-01",
    "description": "Golden Salary",
    "isBalanceEntry": false,
    "isProjected": true,
    "reoccurrenceId": 1,
    "sourceAccountRegisterId": null,
    "typeId": 9,
  },
  {
    "accountRegisterId": 1,
    "amount": -800,
    "balance": 54130.09,
    "date": "2024-03-05",
    "description": "Golden Rent",
    "isBalanceEntry": false,
    "isProjected": true,
    "reoccurrenceId": 2,
    "sourceAccountRegisterId": null,
    "typeId": 9,
  },
  {
    "accountRegisterId": 1,
    "amount": -150,
    "balance": 53980.09,
    "date": "2024-03-10",
    "description": "Transfer for Golden Savings xfer",
    "isBalanceEntry": false,
    "isProjected": true,
    "reoccurrenceId": 3,
    "sourceAccountRegisterId": 3,
    "typeId": 6,
  },
  {
    "accountRegisterId": 3,
    "amount": 150,
    "balance": 300,
    "date": "2024-03-10",
    "description": "Golden Savings xfer",
    "isBalanceEntry": false,
    "isProjected": true,
    "reoccurrenceId": 3,
    "sourceAccountRegisterId": 1,
    "typeId": 6,
  },
  {
    "accountRegisterId": 1,
    "amount": -119.91,
    "balance": 53860.18,
    "date": "2024-03-15",
    "description": "Transfer for Payment to Test Loan",
    "isBalanceEntry": false,
    "isProjected": true,
    "reoccurrenceId": null,
    "sourceAccountRegisterId": 2,
    "typeId": 6,
  },
  {
    "accountRegisterId": 2,
    "amount": -39.15,
    "balance": -7958.79,
    "date": "2024-03-15",
    "description": "Interest Charge",
    "isBalanceEntry": false,
    "isProjected": true,
    "reoccurrenceId": null,
    "sourceAccountRegisterId": 1,
    "typeId": 2,
  },
  {
    "accountRegisterId": 2,
    "amount": 119.91,
    "balance": -7838.88,
    "date": "2024-03-15",
    "description": "Payment to Test Loan",
    "isBalanceEntry": false,
    "isProjected": true,
    "reoccurrenceId": null,
    "sourceAccountRegisterId": 1,
    "typeId": 6,
  },
  {
    "accountRegisterId": 1,
    "amount": 3000,
    "balance": 56860.18,
    "date": "2024-04-01",
    "description": "Golden Salary",
    "isBalanceEntry": false,
    "isProjected": true,
    "reoccurrenceId": 1,
    "sourceAccountRegisterId": null,
    "typeId": 9,
  },
  {
    "accountRegisterId": 1,
    "amount": -800,
    "balance": 56060.18,
    "date": "2024-04-05",
    "description": "Golden Rent",
    "isBalanceEntry": false,
    "isProjected": true,
    "reoccurrenceId": 2,
    "sourceAccountRegisterId": null,
    "typeId": 9,
  },
  {
    "accountRegisterId": 1,
    "amount": -150,
    "balance": 55910.18,
    "date": "2024-04-10",
    "description": "Transfer for Golden Savings xfer",
    "isBalanceEntry": false,
    "isProjected": true,
    "reoccurrenceId": 3,
    "sourceAccountRegisterId": 3,
    "typeId": 6,
  },
  {
    "accountRegisterId": 3,
    "amount": 150,
    "balance": 450,
    "date": "2024-04-10",
    "description": "Golden Savings xfer",
    "isBalanceEntry": false,
    "isProjected": true,
    "reoccurrenceId": 3,
    "sourceAccountRegisterId": 1,
    "typeId": 6,
  },
  {
    "accountRegisterId": 1,
    "amount": -119.91,
    "balance": 55790.27,
    "date": "2024-04-15",
    "description": "Transfer for Payment to Test Loan",
    "isBalanceEntry": false,
    "isProjected": true,
    "reoccurrenceId": null,
    "sourceAccountRegisterId": 2,
    "typeId": 6,
  },
  {
    "accountRegisterId": 2,
    "amount": -38.75,
    "balance": -7877.63,
    "date": "2024-04-15",
    "description": "Interest Charge",
    "isBalanceEntry": false,
    "isProjected": true,
    "reoccurrenceId": null,
    "sourceAccountRegisterId": 1,
    "typeId": 2,
  },
  {
    "accountRegisterId": 2,
    "amount": 119.91,
    "balance": -7757.72,
    "date": "2024-04-15",
    "description": "Payment to Test Loan",
    "isBalanceEntry": false,
    "isProjected": true,
    "reoccurrenceId": null,
    "sourceAccountRegisterId": 1,
    "typeId": 6,
  },
]
`;
