// Vitest Snapshot v1, https://vitest.dev/guide/snapshot.html

exports[`threeMonthLoanAndReoccurrence forecast golden > Feb–Apr 2024: loan payments, reoccurrences, running balances, snapshot 1`] = `
[
  {
    "accountRegisterId": 1,
    "amount": 0,
    "balance": 0,
    "date": "2024-01-01",
    "description": "Balance for Checking",
    "isBalanceEntry": true,
    "isProjected": true,
    "reoccurrenceId": null,
    "sourceAccountRegisterId": null,
    "typeId": 1,
  },
  {
    "accountRegisterId": 2,
    "amount": 0,
    "balance": 0,
    "date": "2024-01-01",
    "description": "Balance for Test Loan",
    "isBalanceEntry": true,
    "isProjected": true,
    "reoccurrenceId": null,
    "sourceAccountRegisterId": null,
    "typeId": 1,
  },
  {
    "accountRegisterId": 3,
    "amount": 0,
    "balance": 0,
    "date": "2024-01-01",
    "description": "Balance for Savings",
    "isBalanceEntry": true,
    "isProjected": true,
    "reoccurrenceId": null,
    "sourceAccountRegisterId": null,
    "typeId": 1,
  },
  {
    "accountRegisterId": 1,
    "amount": 3000,
    "balance": 3000,
    "date": "2024-02-01",
    "description": "Golden Salary",
    "isBalanceEntry": false,
    "isProjected": true,
    "reoccurrenceId": 1,
    "sourceAccountRegisterId": null,
    "typeId": 9,
  },
  {
    "accountRegisterId": 1,
    "amount": -800,
    "balance": 2200,
    "date": "2024-02-05",
    "description": "Golden Rent",
    "isBalanceEntry": false,
    "isProjected": true,
    "reoccurrenceId": 2,
    "sourceAccountRegisterId": null,
    "typeId": 9,
  },
  {
    "accountRegisterId": 1,
    "amount": -150,
    "balance": 2050,
    "date": "2024-02-10",
    "description": "Transfer for Golden Savings xfer",
    "isBalanceEntry": false,
    "isProjected": true,
    "reoccurrenceId": 3,
    "sourceAccountRegisterId": 3,
    "typeId": 6,
  },
  {
    "accountRegisterId": 3,
    "amount": 150,
    "balance": 150,
    "date": "2024-02-10",
    "description": "Golden Savings xfer",
    "isBalanceEntry": false,
    "isProjected": true,
    "reoccurrenceId": 3,
    "sourceAccountRegisterId": 1,
    "typeId": 6,
  },
  {
    "accountRegisterId": 1,
    "amount": -119.91,
    "balance": 1930.09,
    "date": "2024-02-15",
    "description": "Transfer for Payment to Test Loan",
    "isBalanceEntry": false,
    "isProjected": true,
    "reoccurrenceId": null,
    "sourceAccountRegisterId": 2,
    "typeId": 6,
  },
  {
    "accountRegisterId": 2,
    "amount": -39.55,
    "balance": -39.55,
    "date": "2024-02-15",
    "description": "Interest Charge",
    "isBalanceEntry": false,
    "isProjected": true,
    "reoccurrenceId": null,
    "sourceAccountRegisterId": 1,
    "typeId": 2,
  },
  {
    "accountRegisterId": 2,
    "amount": 119.91,
    "balance": 80.36,
    "date": "2024-02-15",
    "description": "Payment to Test Loan",
    "isBalanceEntry": false,
    "isProjected": true,
    "reoccurrenceId": null,
    "sourceAccountRegisterId": 1,
    "typeId": 6,
  },
  {
    "accountRegisterId": 1,
    "amount": 3000,
    "balance": 4930.09,
    "date": "2024-03-01",
    "description": "Golden Salary",
    "isBalanceEntry": false,
    "isProjected": true,
    "reoccurrenceId": 1,
    "sourceAccountRegisterId": null,
    "typeId": 9,
  },
  {
    "accountRegisterId": 1,
    "amount": -800,
    "balance": 4130.09,
    "date": "2024-03-05",
    "description": "Golden Rent",
    "isBalanceEntry": false,
    "isProjected": true,
    "reoccurrenceId": 2,
    "sourceAccountRegisterId": null,
    "typeId": 9,
  },
  {
    "accountRegisterId": 1,
    "amount": -150,
    "balance": 3980.09,
    "date": "2024-03-10",
    "description": "Transfer for Golden Savings xfer",
    "isBalanceEntry": false,
    "isProjected": true,
    "reoccurrenceId": 3,
    "sourceAccountRegisterId": 3,
    "typeId": 6,
  },
  {
    "accountRegisterId": 3,
    "amount": 150,
    "balance": 300,
    "date": "2024-03-10",
    "description": "Golden Savings xfer",
    "isBalanceEntry": false,
    "isProjected": true,
    "reoccurrenceId": 3,
    "sourceAccountRegisterId": 1,
    "typeId": 6,
  },
  {
    "accountRegisterId": 1,
    "amount": -119.91,
    "balance": 3860.18,
    "date": "2024-03-15",
    "description": "Transfer for Payment to Test Loan",
    "isBalanceEntry": false,
    "isProjected": true,
    "reoccurrenceId": null,
    "sourceAccountRegisterId": 2,
    "typeId": 6,
  },
  {
    "accountRegisterId": 2,
    "amount": -39.15,
    "balance": 41.21,
    "date": "2024-03-15",
    "description": "Interest Charge",
    "isBalanceEntry": false,
    "isProjected": true,
    "reoccurrenceId": null,
    "sourceAccountRegisterId": 1,
    "typeId": 2,
  },
  {
    "accountRegisterId": 2,
    "amount": 119.91,
    "balance": 161.12,
    "date": "2024-03-15",
    "description": "Payment to Test Loan",
    "isBalanceEntry": false,
    "isProjected": true,
    "reoccurrenceId": null,
    "sourceAccountRegisterId": 1,
    "typeId": 6,
  },
  {
    "accountRegisterId": 1,
    "amount": 3000,
    "balance": 6860.18,
    "date": "2024-04-01",
    "description": "Golden Salary",
    "isBalanceEntry": false,
    "isProjected": true,
    "reoccurrenceId": 1,
    "sourceAccountRegisterId": null,
    "typeId": 9,
  },
  {
    "accountRegisterId": 1,
    "amount": -800,
    "balance": 6060.18,
    "date": "2024-04-05",
    "description": "Golden Rent",
    "isBalanceEntry": false,
    "isProjected": true,
    "reoccurrenceId": 2,
    "sourceAccountRegisterId": null,
    "typeId": 9,
  },
  {
    "accountRegisterId": 1,
    "amount": -150,
    "balance": 5910.18,
    "date": "2024-04-10",
    "description": "Transfer for Golden Savings xfer",
    "isBalanceEntry": false,
    "isProjected": true,
    "reoccurrenceId": 3,
    "sourceAccountRegisterId": 3,
    "typeId": 6,
  },
  {
    "accountRegisterId": 3,
    "amount": 150,
    "balance": 450,
    "date": "2024-04-10",
    "description": "Golden Savings xfer",
    "isBalanceEntry": false,
    "isProjected": true,
    "reoccurrenceId": 3,
    "sourceAccountRegisterId": 1,
    "typeId": 6,
  },
  {
    "accountRegisterId": 1,
    "amount": -119.91,
    "balance": 5790.27,
    "date": "2024-04-15",
    "description": "Transfer for Payment to Test Loan",
    "isBalanceEntry": false,
    "isProjected": true,
    "reoccurrenceId": null,
    "sourceAccountRegisterId": 2,
    "typeId": 6,
  },
  {
    "accountRegisterId": 2,
    "amount": -38.75,
    "balance": 122.37,
    "date": "2024-04-15",
    "description": "Interest Charge",
    "isBalanceEntry": false,
    "isProjected": true,
    "reoccurrenceId": null,
    "sourceAccountRegisterId": 1,
    "typeId": 2,
  },
  {
    "accountRegisterId": 2,
    "amount": 119.91,
    "balance": 242.28,
    "date": "2024-04-15",
    "description": "Payment to Test Loan",
    "isBalanceEntry": false,
    "isProjected": true,
    "reoccurrenceId": null,
    "sourceAccountRegisterId": 1,
    "typeId": 6,
  },
]
`;
